// Jest Snapshot v1, https://goo.gl/fbAQLP

exports[`User Resolvers getUsers should return a list of users 1`] = `
Object {
  "data": Object {
    "users": Array [
      Object {
        "email": "john.doe@example.com",
        "firstName": "John",
        "id": "1",
        "lastName": "Doe",
      },
      Object {
        "email": "alice.kellerman@example.com",
        "firstName": "Alice",
        "id": "2",
        "lastName": "Kellerman",
      },
    ],
  },
}
`;
